// Jest Snapshot v1, https://goo.gl/fbAQLP

exports[`user-dropdown should render correctly when user is defined with a firstName and lastName but no name 1`] = `
<button
  class="MuiButton-root MuiButton-text MuiButton-textInherit MuiButton-sizeMedium MuiButton-textSizeMedium MuiButton-colorInherit MuiButtonBase-root  css-jhzn3i-MuiButtonBase-root-MuiButton-root"
  tabindex="0"
  type="button"
>
  <div
    class="MuiAvatar-root MuiAvatar-circular MuiAvatar-colorDefault css-v7bbez-MuiAvatar-root"
  >
    SR
  </div>
   
  <svg
    aria-hidden="true"
    class="MuiSvgIcon-root MuiSvgIcon-fontSizeSmall css-ptiqhd-MuiSvgIcon-root"
    data-testid="KeyboardArrowDownIcon"
    focusable="false"
    viewBox="0 0 24 24"
  >
    <path
      d="M7.41 8.59 12 13.17l4.59-4.58L18 10l-6 6-6-6 1.41-1.41z"
    />
  </svg>
  <span
    class="MuiTouchRipple-root css-8je8zh-MuiTouchRipple-root"
  />
</button>
`;

exports[`user-dropdown should render correctly when user is defined with firstName, lastName, and name 1`] = `
<button
  class="MuiButton-root MuiButton-text MuiButton-textInherit MuiButton-sizeMedium MuiButton-textSizeMedium MuiButton-colorInherit MuiButtonBase-root  css-jhzn3i-MuiButtonBase-root-MuiButton-root"
  tabindex="0"
  type="button"
>
  <div
    class="MuiAvatar-root MuiAvatar-circular MuiAvatar-colorDefault css-v7bbez-MuiAvatar-root"
  >
    SR
  </div>
   
  <svg
    aria-hidden="true"
    class="MuiSvgIcon-root MuiSvgIcon-fontSizeSmall css-ptiqhd-MuiSvgIcon-root"
    data-testid="KeyboardArrowDownIcon"
    focusable="false"
    viewBox="0 0 24 24"
  >
    <path
      d="M7.41 8.59 12 13.17l4.59-4.58L18 10l-6 6-6-6 1.41-1.41z"
    />
  </svg>
  <span
    class="MuiTouchRipple-root css-8je8zh-MuiTouchRipple-root"
  />
</button>
`;

exports[`user-dropdown should render correctly when user is defined with only a firstName 1`] = `
<button
  class="MuiButton-root MuiButton-text MuiButton-textInherit MuiButton-sizeMedium MuiButton-textSizeMedium MuiButton-colorInherit MuiButtonBase-root  css-jhzn3i-MuiButtonBase-root-MuiButton-root"
  tabindex="0"
  type="button"
>
  <div
    class="MuiAvatar-root MuiAvatar-circular MuiAvatar-colorDefault css-v7bbez-MuiAvatar-root"
  >
    St
  </div>
   
  <svg
    aria-hidden="true"
    class="MuiSvgIcon-root MuiSvgIcon-fontSizeSmall css-ptiqhd-MuiSvgIcon-root"
    data-testid="KeyboardArrowDownIcon"
    focusable="false"
    viewBox="0 0 24 24"
  >
    <path
      d="M7.41 8.59 12 13.17l4.59-4.58L18 10l-6 6-6-6 1.41-1.41z"
    />
  </svg>
  <span
    class="MuiTouchRipple-root css-8je8zh-MuiTouchRipple-root"
  />
</button>
`;

exports[`user-dropdown should render correctly when user is defined with only a lastName 1`] = `
<button
  class="MuiButton-root MuiButton-text MuiButton-textInherit MuiButton-sizeMedium MuiButton-textSizeMedium MuiButton-colorInherit MuiButtonBase-root  css-jhzn3i-MuiButtonBase-root-MuiButton-root"
  tabindex="0"
  type="button"
>
  <div
    class="MuiAvatar-root MuiAvatar-circular MuiAvatar-colorDefault css-v7bbez-MuiAvatar-root"
  >
    tR
  </div>
   
  <svg
    aria-hidden="true"
    class="MuiSvgIcon-root MuiSvgIcon-fontSizeSmall css-ptiqhd-MuiSvgIcon-root"
    data-testid="KeyboardArrowDownIcon"
    focusable="false"
    viewBox="0 0 24 24"
  >
    <path
      d="M7.41 8.59 12 13.17l4.59-4.58L18 10l-6 6-6-6 1.41-1.41z"
    />
  </svg>
  <span
    class="MuiTouchRipple-root css-8je8zh-MuiTouchRipple-root"
  />
</button>
`;

exports[`user-dropdown should render correctly when user is defined with only a name 1`] = `
<button
  class="MuiButton-root MuiButton-text MuiButton-textInherit MuiButton-sizeMedium MuiButton-textSizeMedium MuiButton-colorInherit MuiButtonBase-root  css-jhzn3i-MuiButtonBase-root-MuiButton-root"
  tabindex="0"
  type="button"
>
  <div
    class="MuiAvatar-root MuiAvatar-circular MuiAvatar-colorDefault css-v7bbez-MuiAvatar-root"
  >
    tt
  </div>
   
  <svg
    aria-hidden="true"
    class="MuiSvgIcon-root MuiSvgIcon-fontSizeSmall css-ptiqhd-MuiSvgIcon-root"
    data-testid="KeyboardArrowDownIcon"
    focusable="false"
    viewBox="0 0 24 24"
  >
    <path
      d="M7.41 8.59 12 13.17l4.59-4.58L18 10l-6 6-6-6 1.41-1.41z"
    />
  </svg>
  <span
    class="MuiTouchRipple-root css-8je8zh-MuiTouchRipple-root"
  />
</button>
`;

exports[`user-dropdown should render correctly when user is undefined 1`] = `
<button
  class="MuiButton-root MuiButton-text MuiButton-textInherit MuiButton-sizeMedium MuiButton-textSizeMedium MuiButton-colorInherit MuiButtonBase-root  css-jhzn3i-MuiButtonBase-root-MuiButton-root"
  tabindex="0"
  type="button"
>
  <div
    class="MuiAvatar-root MuiAvatar-circular MuiAvatar-colorDefault css-v7bbez-MuiAvatar-root"
  >
    U
  </div>
   
  <svg
    aria-hidden="true"
    class="MuiSvgIcon-root MuiSvgIcon-fontSizeSmall css-ptiqhd-MuiSvgIcon-root"
    data-testid="KeyboardArrowDownIcon"
    focusable="false"
    viewBox="0 0 24 24"
  >
    <path
      d="M7.41 8.59 12 13.17l4.59-4.58L18 10l-6 6-6-6 1.41-1.41z"
    />
  </svg>
  <span
    class="MuiTouchRipple-root css-8je8zh-MuiTouchRipple-root"
  />
</button>
`;
