// Jest Snapshot v1, https://goo.gl/fbAQLP

exports[`head should render correctly 1`] = `null`;
