// Jest Snapshot v1, https://goo.gl/fbAQLP

exports[`stella-icon should render correctly when no props are passed 1`] = `
<svg
  class="MuiSvgIcon-root MuiSvgIcon-fontSizeMedium css-iz4z57-MuiSvgIcon-root"
  focusable="false"
  role="img"
  viewBox="0 0 866 150"
>
  <path
    d="M847.59 149.91V53.1H865.21V149.91H847.59Z"
    fill="#9c27b0"
  />
  <path
    d="M837.15 149.91H816.44L777.17 81.54L737.64 149.91H717.07L777.18 46.32L837.15 149.91Z"
    fill="#9c27b0"
  />
  <path
    d="M81.38 67H151.86V53.89L81.38 54.06C74.1473 54.0679 67.2131 56.9446 62.0989 62.0589C56.9846 67.1732 54.1079 74.1073 54.1 81.34V101.76H124.86C128.573 101.76 132.134 103.235 134.76 105.861C137.385 108.486 138.86 112.047 138.86 115.76V136.43H54.1V149.43H151.86V115.8C151.86 108.639 149.015 101.772 143.952 96.7081C138.888 91.6446 132.021 88.8 124.86 88.8H67.06V81.34C67.06 77.5403 68.568 73.8959 71.253 71.2072C73.9379 68.5185 77.5803 67.0053 81.38 67V67Z"
    fill="#1976d2"
  />
  <path
    d="M164.92 53.92V66.98H206.05V149.43H219.21V66.98H260.21V53.92H164.92Z"
    fill="#1976d2"
  />
  <path
    d="M386.68 136.28V54.01H373.52V149.43H468.81V136.28H386.68Z"
    fill="#1976d2"
  />
  <path
    d="M626.46 46.84L574.96 136.28H495.03V54.01H481.87V149.43H567.38H577.16H582.56L626.52 73.06L670.94 149.56H686.15L626.46 46.84Z"
    fill="#1976d2"
  />
  <path
    d="M360.46 66.98V53.92H273.27V149.43H360.46V136.28H286.43V101.6H332.31V88.6H286.43V66.98H360.46Z"
    fill="#1976d2"
  />
  <path
    d="M40.91 0.709991C40.91 11.3505 36.6831 21.5552 29.1591 29.0791C21.6352 36.6031 11.4305 40.83 0.790009 40.83C6.06285 40.83 11.284 41.8694 16.1548 43.8887C21.0257 45.9081 25.4507 48.8678 29.1768 52.5985C32.903 56.3293 35.8571 60.758 37.8704 65.6314C39.8837 70.5047 40.9166 75.7272 40.91 81C40.9021 75.7293 41.9331 70.5087 43.944 65.6367C45.955 60.7648 48.9064 56.3369 52.6296 52.6062C56.3529 48.8756 60.7748 45.9153 65.6428 43.8947C70.5108 41.874 75.7293 40.8326 81 40.83C75.7318 40.83 70.5153 39.7922 65.6483 37.7758C60.7812 35.7595 56.3591 32.8041 52.6344 29.0785C48.9097 25.3529 45.9554 20.93 43.9403 16.0625C41.9252 11.195 40.8887 5.97815 40.89 0.709991H40.91Z"
    fill="#9c27b0"
  />
  <path
    d="M656.46 70.64V57.5H648.89L648.84 53.92H666.89V57.5H660.18V70.64H656.46Z"
    fill="#1976d2"
  />
  <path
    d="M666.89 70.64V53.92H672.35L676.4 60.84L680.4 53.92H685.83V70.64H682.29V56.8L676.38 66.92L670.45 56.83V70.64H666.89Z"
    fill="#1976d2"
  />
  <title>
    STELLA
  </title>
</svg>
`;

exports[`stella-icon should render correctly when props are passed 1`] = `
<svg
  class="MuiSvgIcon-root MuiSvgIcon-fontSizeMedium css-3g5fjw-MuiSvgIcon-root"
  focusable="false"
  role="img"
  viewBox="0 0 1317 105"
>
  <path
    d="M583.82 100C580.54 99.9764 577.4 98.6621 575.081 96.3415C572.763 94.0208 571.451 90.8805 571.43 87.6V35.78H583.2V85C583.2 86.67 583.3 87.61 583.51 87.81C583.72 88.01 584.65 88.13 586.32 88.13H620.66C621.592 88.2346 622.536 88.1251 623.42 87.81C623.66 87.61 623.78 86.67 623.78 85V35.78H635.64V87.6C635.614 90.8806 634.299 94.0194 631.979 96.3392C629.659 98.659 626.521 99.9739 623.24 100H583.82Z"
    fill="white"
  />
  <path
    d="M669.53 100V47.64H643.31V35.78H707.52V47.64H681.39V100H669.53Z"
    fill="white"
  />
  <path
    d="M727.5 100C724.22 99.9764 721.08 98.6621 718.761 96.3415C716.443 94.0208 715.131 90.8805 715.11 87.6V48.18C715.131 44.8995 716.443 41.7592 718.761 39.4385C721.08 37.1179 724.22 35.8036 727.5 35.78H766.92C770.201 35.8061 773.339 37.121 775.659 39.4408C777.979 41.7606 779.294 44.8994 779.32 48.18V87.6C779.294 90.8806 777.979 94.0194 775.659 96.3392C773.339 98.659 770.201 99.9739 766.92 100H727.5ZM730 88.14H764.34C765.272 88.2446 766.216 88.1351 767.1 87.82C767.34 87.62 767.46 86.68 767.46 85.01V50.77C767.46 49.1 767.34 48.17 767.1 47.96C766.216 47.6449 765.272 47.5355 764.34 47.64H730C728.33 47.64 727.4 47.75 727.19 47.96C726.98 48.17 726.88 49.1 726.88 50.77V85C726.88 86.67 726.98 87.61 727.19 87.81C727.4 88.01 728.33 88.14 730 88.14Z"
    fill="white"
  />
  <path
    d="M790.2 100V35.78H803.13L826.41 63.52L849.6 35.78H862.6V100H850.74V52.91L826.39 81.91L802 53V100H790.2Z"
    fill="white"
  />
  <path
    d="M886.25 100C882.97 99.9764 879.83 98.6621 877.511 96.3415C875.193 94.0208 873.881 90.8805 873.86 87.6V48.18C873.881 44.8995 875.193 41.7592 877.511 39.4385C879.83 37.1179 882.97 35.8036 886.25 35.78H925.68C928.961 35.8061 932.099 37.121 934.419 39.4408C936.739 41.7606 938.054 44.8994 938.08 48.18V87.6C938.054 90.8806 936.739 94.0194 934.419 96.3392C932.099 98.659 928.961 99.9739 925.68 100H886.25ZM888.75 88.14H923.09C924.026 88.243 924.972 88.1336 925.86 87.82C926.1 87.62 926.21 86.68 926.21 85.01V50.77C926.21 49.1 926.1 48.17 925.86 47.96C924.972 47.6464 924.026 47.5371 923.09 47.64H888.75C887.09 47.64 886.15 47.75 885.94 47.96C885.73 48.17 885.63 49.1 885.63 50.77V85C885.63 86.67 885.73 87.61 885.94 87.81C886.15 88.01 887.09 88.14 888.75 88.14Z"
    fill="white"
  />
  <path
    d="M972 100V47.64H945.78V35.78H1010V47.64H983.87V100H972Z"
    fill="white"
  />
  <path
    d="M1017.36 100V35.78H1029.05V100H1017.36Z"
    fill="white"
  />
  <path
    d="M1304.36 100V35.78H1316.05V100H1304.36Z"
    fill="white"
  />
  <path
    d="M567.43 100H553.7L527.65 54.64L501.43 100H487.78L527.65 31.28L567.43 100Z"
    fill="white"
  />
  <path
    d="M1297.43 100H1283.7L1257.7 54.64L1231.43 100H1217.78L1257.65 31.28L1297.43 100Z"
    fill="white"
  />
  <path
    d="M1035.81 35.78H1049.54L1075.54 81.14L1101.76 35.78H1115.41L1075.54 104.5L1035.81 35.78Z"
    fill="white"
  />
  <path
    d="M1122.24 100V35.78H1181.37V47.64H1134.1V61.92H1172.1V73.87H1134.1V88.14H1181.37V100H1122.24Z"
    fill="white"
  />
  <path
    d="M53.87 44.86H101.03V36.1L53.87 36.21C49.0305 36.2179 44.3917 38.1446 40.9706 41.5676C37.5494 44.9906 35.6253 49.6305 35.62 54.47V68.13H83C85.4896 68.1327 87.8764 69.1228 89.6368 70.8832C91.3972 72.6436 92.3874 75.0304 92.39 77.52V91.35H35.62V100H101V77.5C100.992 72.7221 99.0954 68.141 95.7235 64.756C92.3515 61.3709 87.7779 59.4564 83 59.43H44.29V54.43C44.2979 51.8926 45.3101 49.4615 47.1053 47.6682C48.9005 45.8749 51.3326 44.8653 53.87 44.86V44.86Z"
    fill="red"
  />
  <path
    d="M109.76 36.1V44.84H137.28V100H146.08V44.84H173.52V36.1H109.76Z"
    fill="red"
  />
  <path
    d="M258.13 91.2V36.16H249.33V100H313.09V91.2H258.13Z"
    fill="red"
  />
  <path
    d="M418.56 31.36L384.1 91.2H330.62V36.16H321.82V100H379.03H385.58H389.19L418.6 48.9L448.32 100.09H458.49L418.56 31.36Z"
    fill="red"
  />
  <path
    d="M240.59 44.84V36.1H182.26V100H240.59V91.2H191.06V68H221.76V59.3H191.06V44.84H240.59Z"
    fill="red"
  />
  <path
    d="M26.79 0.5C26.79 7.60976 23.9691 14.429 18.9464 19.4611C13.9238 24.4931 7.10974 27.3268 0 27.34C7.11841 27.34 13.9453 30.1678 18.9787 35.2013C24.0122 40.2347 26.84 47.0616 26.84 54.18C26.84 47.0616 29.6678 40.2347 34.7013 35.2013C39.7347 30.1678 46.5616 27.34 53.68 27.34C46.5616 27.34 39.7347 24.5122 34.7013 19.4788C29.6678 14.4453 26.84 7.61841 26.84 0.5H26.79Z"
    fill="white"
  />
  <path
    d="M438.63 47.28V38.49H433.57V36.1H445.65V38.49H441.16V47.28H438.63Z"
    fill="red"
  />
  <path
    d="M445.61 47.28V36.1H449.26L451.97 40.73L454.66 36.1H458.3V47.28H455.92V38L452 44.8L448 38V47.24L445.61 47.28Z"
    fill="red"
  />
  <title>
    STELLA Automotive AI
  </title>
</svg>
`;
